77629974becae14706899704ec4d6091a27c3969cb8b608c9bcd02f61c92ea2c  /tmp/test/copying.txt
8137856d6343a6332968374b07a3ec1331b303cb96a65070d75d808a964c6f13  /tmp/test/deadbeef.txt
f0d96b0676752c199f8c07f9b7009fdcfd56d592a26a70df7bcd0312f06bf6bd  /tmp/test/foo.txt
e77137d635c4e9598d64bc2f3f564f36d895d9cfc5050ea6ca75beafb6e31ec2  /tmp/test/install.txt
6b86b273ff34fce19d6b804eff5a3f5747ada4eaa22f1d49c01e52ddb7875b4b  /tmp/test/one-byte-file
e3b0c44298fc1c149afbf4c8996fb92427ae41e4649b934ca495991b7852b855  /tmp/test/zero-byte-file
