deadbeefb303ba89ae055ad0234eb7e8  /tmp/test/deadbeef.txt offset 0-11
