f240718100228625eecf38639431adfac25a44fb8260d5e0d917bc36e84bd5b60bdd28215f17f7526ead62890505cbf498ffb77776688a74e5b89a1ed68e0ce0  /tmp/test/copying.txt
f8bb3602c2e15dbc87f4ba25786588f203be4b94a5bdbb3f817478cf36e5adb4b07b79ca1841e0265730b7fce622e8325c50291e66c47b9c375c35463542ffdf  /tmp/test/deadbeef.txt
52817bd93a8cb4e14b69b3a306e9c7c3892ff9c3fab830ceb1b175dbc4a35c24bef1796bf84b538d67b5521f792810759e133dd038dfc65c3120b559bf474062  /tmp/test/foo.txt
b70a86c0329405c598f2cc2dd01a0026e9734c3f550667037e742be429e4e6d6db1470baa2727edd2543cb9a88a488b51c12812be4ed26189873cdd832151be0  /tmp/test/install.txt
8513c69d070a008df008aef8624ed24afc81b170d242faf5fafe853d4fe9bf8aa7badfb0fd045d7b350b19fbf8ef6b2a51f17a07a1f6819abc9ba5ce43324244  /tmp/test/one-byte-file
19fa61d75522a4669b44e39c1d2e1726c530232130d407f89afee0964997f7a73e83be698b288febcf88e3e03c4f0757ea8964e59b63d93708b138cc42a66eb3  /tmp/test/zero-byte-file
