555b3e940c86b35d6e0c9976a05b3aa5  /tmp/test/copying.txt
deadbeefb303ba89ae055ad0234eb7e8  /tmp/test/deadbeef.txt
d472f529689b334bc4896828854e84ed  /tmp/test/foo.txt
d7adbcf07c5c813693ddf958be9c40e3  /tmp/test/install.txt
c4ca4238a0b923820dcc509a6f75849b  /tmp/test/one-byte-file
d41d8cd98f00b204e9800998ecf8427e  /tmp/test/zero-byte-file
