5c9fe53911abe4f64d536edee1d95eaa98e48b14  /tmp/test/copying.txt offset 0-511
0862808ee47d8e32201cc50b272456cadd098a70  /tmp/test/copying.txt offset 512-1023
02dca5a8537f66ebc609eb212163c4219f32f293  /tmp/test/copying.txt offset 1024-1535
3b89d0ddb024dd21c7717e041e2e90a62427ced8  /tmp/test/copying.txt offset 1536-2047
5b7d563c6437935cea2becc8f4bf20d7e8fd747a  /tmp/test/copying.txt offset 2048-2559
7a91676f28651e03f96f104efcb45bf294b6d7f5  /tmp/test/copying.txt offset 2560-3071
017a9247d2d54ea9dcef8243817a828e9ff3cace  /tmp/test/copying.txt offset 3072-3583
97c4758800a6389a4a2a92ffaa3344fd27f411b6  /tmp/test/copying.txt offset 3584-4095
11c8f0ff2fc3a9d8bb0ae855c378704e0fa07e1c  /tmp/test/copying.txt offset 4096-4607
cf64be6b548fd8a8fb013b11324ce2ba4b297a21  /tmp/test/copying.txt offset 4608-5119
bd2b05ddc59d13584f690aa7f64b9066eedc9285  /tmp/test/copying.txt offset 5120-5631
5cf769788a0f80bc5db02503325b36810490b14a  /tmp/test/copying.txt offset 5632-6143
4d9b1cd756cae10d31da166e356cbe08f1ed55c7  /tmp/test/copying.txt offset 6144-6655
eb9fb8e240784624f87e562e2e295e3f1a9f177a  /tmp/test/copying.txt offset 6656-7167
0dd2dbf30bacaf7ae31832011d36ff86d9c1dd28  /tmp/test/copying.txt offset 7168-7679
431468a00dad6fe2142e8f1dc058d79629c4bcf5  /tmp/test/copying.txt offset 7680-8191
579842e6b2f1c117a961a4ebaba88814b14cbb75  /tmp/test/copying.txt offset 8192-8703
8f24cc126d94480704fec90f98b75b46856155e1  /tmp/test/copying.txt offset 8704-9215
3554e46ddbdac271ed7ea1ecb6e1c1b2ec79b859  /tmp/test/copying.txt offset 9216-9727
f5abd40e1c8c9ebbc06e0e663976ad040b792fc4  /tmp/test/copying.txt offset 9728-10239
9a62c4d3467d988a427fb9934008cf7d3c07459b  /tmp/test/copying.txt offset 10240-10751
4855c8ddf9822605cc5a854e4b64231bf538e2d4  /tmp/test/copying.txt offset 10752-11263
588c6cd3c176af488230ff09b73af6bd323b9a2a  /tmp/test/copying.txt offset 11264-11775
8231023f7b17b3f9a71e64dc02747eda3b4f9c8a  /tmp/test/copying.txt offset 11776-12287
a27bfec960dd05e23e0f695fbec116dffa281c3b  /tmp/test/copying.txt offset 12288-12799
185fa3e2814a8f768791345cf22824af3f56222c  /tmp/test/copying.txt offset 12800-13311
8a7f5ce8ea5aa8b18f9c57cad53e4924b1acfa93  /tmp/test/copying.txt offset 13312-13823
43f88c63354990bf1faa05d39660835f1e742757  /tmp/test/copying.txt offset 13824-14335
9a07d2d2ffaa904195070622a17e31916f0ed8d3  /tmp/test/copying.txt offset 14336-14847
9466922f64939f6b9fdcaed9ab6a567a126fd2f0  /tmp/test/copying.txt offset 14848-15359
535dbc25fbfbb379593701fd629a605111ea195f  /tmp/test/copying.txt offset 15360-15871
c53052bb8b1af646ca9df4b1403062b74cc7d1b9  /tmp/test/copying.txt offset 15872-16383
6289e73090d79e2a5c2b457fce2a480e66165e77  /tmp/test/copying.txt offset 16384-16895
efe4157d18a38cf437d061f5fa6fd0d6e43a9b9d  /tmp/test/copying.txt offset 16896-17407
4d56e0af18afd1d918307da4a9a734f2227a12f5  /tmp/test/copying.txt offset 17408-17919
864db5b6f7bed7efd50c5d51fd6db3cc0874692a  /tmp/test/copying.txt offset 17920-18431
76d45e86b94c644d0d9947d96321476a00b44c19  /tmp/test/copying.txt offset 18432-18943
ef55ce90a0930482bdcdcff64a1b72b094f099f9  /tmp/test/copying.txt offset 18944-19123
6ffcc435c87f45111bab5c087274078880757770  /tmp/test/deadbeef.txt offset 0-11
a9d9364ee4d796ad94ceec6376d35331ee8c73d8  /tmp/test/foo.txt offset 0-43
3cf848d066d6155834fb94f979b6326a658917bc  /tmp/test/install.txt offset 0-511
172d5454c24755ace644e53294a640ceb8eb0b10  /tmp/test/install.txt offset 512-1023
89d7f2ff958bb6c2530a9ebe1a8f4b66526bd5c2  /tmp/test/install.txt offset 1024-1535
20f1ee96bbf8124d50d380629dea1b655e7590de  /tmp/test/install.txt offset 1536-2047
ad786c73360158917776d4e3892180df2466ff0b  /tmp/test/install.txt offset 2048-2559
5deb7cf75144b860048c07abbfd775568e46a417  /tmp/test/install.txt offset 2560-3071
f3d63d4348a86824438b269223f88095dddd1b8b  /tmp/test/install.txt offset 3072-3583
63692f9378514ee232134dcbbb342622d0348a84  /tmp/test/install.txt offset 3584-4095
80fa037da9ef31985ba7e08a556acc0a274d10f6  /tmp/test/install.txt offset 4096-4607
eedfc0d2204754094d3df3f71ff8cdb27a21f2c5  /tmp/test/install.txt offset 4608-5119
60544a36f74e068cdbd97b5d2bafeeb046c802a8  /tmp/test/install.txt offset 5120-5631
7eff526fc699955c9ce3839fb5f12bb18a51e3ea  /tmp/test/install.txt offset 5632-6143
dd2d4a6880f7f266e56264b17be17af476efc478  /tmp/test/install.txt offset 6144-6655
1b081966d37f804324613d45e7eebf3dcc9fccd7  /tmp/test/install.txt offset 6656-7167
09fbde7e48c2244939cfe76c71875a2f69a9e8c3  /tmp/test/install.txt offset 7168-7679
104b74bc282d5f6d79884e2f5e5616a4acb11f36  /tmp/test/install.txt offset 7680-8191
c81d63c52e1a40facc335e8e290f2adccb5cf465  /tmp/test/install.txt offset 8192-8703
03347ec0f66ef6471dcb44f96200c36386fd9a91  /tmp/test/install.txt offset 8704-9215
be5c4f3884777b8901fedcdce6ca56a295b9fcfd  /tmp/test/install.txt offset 9216-9235
356a192b7913b04c54574d18c28d46e6395428ab  /tmp/test/one-byte-file offset 0-0
da39a3ee5e6b4b0d3255bfef95601890afd80709  /tmp/test/zero-byte-file offset 0-18446744073709551615
