%%%% HASHDEEP-1.0
%%%% size,md5,sha256,filename
## Invoked from: /Users/simsong/md5deep/branches/version4/tests
## $ /opt/local/bin//hashdeep -p512 -r /tmp/test
## 
512,82ad3a128c5a4395a4d41c947b3a5499,9e6bf517bb46e27bbdd591213b7474a7d55c63334caf025d96189d478bb0f1fe,/tmp/test/copying.txt offset 0-511
512,7272613466d441c436c7a141042f5445,2075dee18a36c7b164c77b397ded716ba40d7e7f96c6bf843703390aaa820deb,/tmp/test/copying.txt offset 512-1023
512,8d9bf677118b91929cac777686a1e3f1,2694c6a275705aad08ff2bd54f5cb46c9d80c8f89fc882f0b3708cb8a6e02165,/tmp/test/copying.txt offset 1024-1535
512,6dca9fa816ba2c27cbd9c3d57cccf0b2,56152c18767b0a7fd893232b406e4407d3a5888e0ba35d84c5adaf515278e3cf,/tmp/test/copying.txt offset 1536-2047
512,ccfd5e0d4550bb24f88eb7b3a5766ed3,024d11d431d66b17b0406db72ea128a008d19d42d0f0848d463cd22bef450586,/tmp/test/copying.txt offset 2048-2559
512,1e32cc533f0a16c386af18ef1e86e0ff,ef1ca91bdfc09e95214b04bb32b1e644d4a6e08809fa6d80bb8dcfd62d7efba6,/tmp/test/copying.txt offset 2560-3071
512,4266f321be5eb8f08c9a93df1398d1ab,3a8666ba74223eb87c69ea37925ef7eb459e3f7e1dd0356e6078abeda092b340,/tmp/test/copying.txt offset 3072-3583
512,7a75807be820ef4a808ae7ccc339209b,0b1aba9886a1451a3bfe8e936a13a0a58a99426cc8c4df10295b7ea50e3b18dd,/tmp/test/copying.txt offset 3584-4095
512,b7518f3a8f07b5ee0faef13b75f4b3ab,bcdfee5e9bafe069e0949558290b2fe59f47ee251848b479215d7ca9441c7a7b,/tmp/test/copying.txt offset 4096-4607
512,8c3053f6a06c11be6f1cf107c752eb82,fc8aaedfc66a9fe2c43b92c36af65959e56f82a2bf8a1cd578f4d21270de965a,/tmp/test/copying.txt offset 4608-5119
512,52df9cdf09c5c5316ecc01911f5002ff,bd3e609126f547ba6f16997005c80ff8a33828a4ac4bde2fa00ea202605d8225,/tmp/test/copying.txt offset 5120-5631
512,a917e323250adaaa9f9b8d64e3634a15,ca622da84bdeae9d749a76dbca8c63174097f1747050d20bd725ea96e5638e50,/tmp/test/copying.txt offset 5632-6143
512,a7c29d80f30ede806353149ccd0b577a,8c5c899d3bf8fc163ce51040c454a9e11110b033763d6f8936671e99d71da136,/tmp/test/copying.txt offset 6144-6655
512,a4bda444a1b0543d6068259cf61acf3a,860cfcfabb5f35915366d3738eaffa4c71f4338c8da4bc8916f206e748705655,/tmp/test/copying.txt offset 6656-7167
512,0ab3bf1b6020ea21c4c348cc1eb45966,f4769ed83c71bdd2f3e8085b59a384c1fd14cd5abcf134762edce5b17ac810b4,/tmp/test/copying.txt offset 7168-7679
512,86416d2fe5bb8eb75c549609490251c3,e4e484b7e21b6ed3417e6fa61a61d44127c61307ff387bd56401928c9330375a,/tmp/test/copying.txt offset 7680-8191
512,f12899a1ec1df4bee057481d95a40eb8,2b69e26c9b4552c62694a1e6f889fb1f2baf02fbcb4809f198f67a1a012c1b9a,/tmp/test/copying.txt offset 8192-8703
512,385fd0b1b32dc44e1b7ba92e2a0c549d,6a7c400eb2deae79474a607fb8033513e46c23dd40f9db4eb348fcaca35a5453,/tmp/test/copying.txt offset 8704-9215
512,ad9197e81ee99f19283f36902a29eeff,6a0481ebf3d85ccbf0c556dce96304df5eba48c35aa70af0ff8dc1db711d97a0,/tmp/test/copying.txt offset 9216-9727
512,68c7079d6d864fb9e2980dacd022c017,ed79ab1e8df517c87aae1e74c786ac9cbf8c9824aa6d25da5778373885d78768,/tmp/test/copying.txt offset 9728-10239
512,aa09137042f825fb7613424aa300065f,12d58f3c285f9465d5e617350af1cedcf228b51724b52973b5c791b987389d00,/tmp/test/copying.txt offset 10240-10751
512,b71f0d94ddd12b68136823e65b82f05d,07cf55d150238c9f7de957a2b6b4e630ba7083321c2a28605deb05424d30b44a,/tmp/test/copying.txt offset 10752-11263
512,9ff787551b3a906848403353b8ad5400,080e5fbace228ab7382accd5befc83a7730d76b3d40842223af854d4fa788010,/tmp/test/copying.txt offset 11264-11775
512,148fe36b460feccc129cc5801fa7a960,00f21f6a8b0f2f734a140f5a330ccbe5119a662d39b357e6b10ba66081769615,/tmp/test/copying.txt offset 11776-12287
512,1f2ac4fed812dd5f0b524b50333ae98f,61b1a88989bfcc93270367b63edf83ca7ce5bb791c578e4c98523d19f1cf070b,/tmp/test/copying.txt offset 12288-12799
512,303fd6c8c9851e62abf12668477cb4a1,bad8ee1929cd2877f853caa3cb91c6da40ca00d724f5334dd83c0da702ba395b,/tmp/test/copying.txt offset 12800-13311
512,e891f7bf8b1e88daaf12644a64a939f0,2fb8cbac7cb4228b0d9433aa78c534ce1c7fd287652031ee224f58f227c1f78f,/tmp/test/copying.txt offset 13312-13823
512,f79a22fe25a751e4e3270dac41bdd0fc,92a246d54b62c6e14b88ff9cd54a64a2132aa77c1b23e7c6b9af75b90de7729f,/tmp/test/copying.txt offset 13824-14335
512,e27cf76aa6058da1998dc6e19bcbd3f0,7720ac2dedf0c112ddb8723810042c8b12ea6646f9c7ccf61ce4fdfaebef537f,/tmp/test/copying.txt offset 14336-14847
512,ac9cbe61d970250e907c3dcf24d4f5c9,782ba4b5d004d4528c5fd1dab87b2323b4077eaba994deacbc56fcef5cc66aaa,/tmp/test/copying.txt offset 14848-15359
512,95931146a77aef3e5df233a577e96149,afeea5f9445bf0fd126bd2278a013ea4ef1bed163afa635eb078fbe8d4e3c03b,/tmp/test/copying.txt offset 15360-15871
512,c7dd266fc6b0ba6132df105b893269d3,ebf1a84747a20034ee35bfd1b93fa4c305fb9ae409cd0133d79f76b403d5cd61,/tmp/test/copying.txt offset 15872-16383
512,379643ba852a62b5a4c13ea9ccb32543,680b2efde9ebcbf7c30a3f930ea421375c71c487496e640e94ee3a993227efb8,/tmp/test/copying.txt offset 16384-16895
512,cbcbf912454f93e708e6ee733cd63398,3c080168b01c7404f392772fdec01a29bf5df2b1172956479eaad9abd8b2bcce,/tmp/test/copying.txt offset 16896-17407
512,1c174b99b9849e92b0e80531bf797547,80a21580990fb5ec45ecb5d9568dbab7dbfcf842c305e30da34e14da4c338f86,/tmp/test/copying.txt offset 17408-17919
512,4aa207bcf6a243dd30b995b9abe14444,cd038db0a74d14c13da7295688733bac7ee7e5d87d595a348dc97ed82d106d64,/tmp/test/copying.txt offset 17920-18431
512,89f619e74f770419a81898c02dbb7e16,1617f5ea52371312892d341b0a0fa298c21577cd1054a971119287778feaa8af,/tmp/test/copying.txt offset 18432-18943
180,656e7f44ce9d0bf3a9c39826bc5ee0c6,2b5ce614030c180f833caa46195bb8f9ed35d8170b89ef13f23313b5c9ee5602,/tmp/test/copying.txt offset 18944-19123
12,deadbeefb303ba89ae055ad0234eb7e8,8137856d6343a6332968374b07a3ec1331b303cb96a65070d75d808a964c6f13,/tmp/test/deadbeef.txt offset 0-11
44,d472f529689b334bc4896828854e84ed,f0d96b0676752c199f8c07f9b7009fdcfd56d592a26a70df7bcd0312f06bf6bd,/tmp/test/foo.txt offset 0-43
512,da4b0deb0a440bce860bc0b6a239e26f,bc215b0571b98f22a470d52d2e624e9bde26bd2b48c2ad91a901822c269dbaf7,/tmp/test/install.txt offset 0-511
512,aa436dfc16536114e3a42379b423b829,aa442fe8e18e16709bc08f20e7c80927f5ebead373892bf095b17135098e50e0,/tmp/test/install.txt offset 512-1023
512,7af4435dce89e839b0c47085697fb942,a4dd32a65a2210a32c778d3ce1256e78ede4b0e859694b4a278c5aa2e03d5693,/tmp/test/install.txt offset 1024-1535
512,4044d346c15c9cacddc1def7ea7087a5,986d62a6f33d3be58ad51d5bb8b8599fd824a43dff27f03719066be639491f31,/tmp/test/install.txt offset 1536-2047
512,15ca3e2ff3aa88b4289c5e86ff1c0438,aa0573edbfc52c3ba06fb4ca4ee7ef772d03c020887cefd5604e080a57c28ac9,/tmp/test/install.txt offset 2048-2559
512,960e6eb784c227ae30c6f929a2073755,50dd4878082157676ce5ee78163d3e860db6b7354763f0aeb3bca3a7af5d72a5,/tmp/test/install.txt offset 2560-3071
512,be2a912e2ba97028999c86d9da6fd4a1,f849dd066f1bd0a521308c4d34f7abfb41f28bf772e626a4a8832599aa39aaf8,/tmp/test/install.txt offset 3072-3583
512,7411b52b502cc27152fc6d3ab645b065,0a5bb023fcb1b2df46ac71cc956e82b8b9b1b3f1af2bbe94d5dbea906640b448,/tmp/test/install.txt offset 3584-4095
512,37fdf7c178e50f899b61fa7603e446ad,5d888e210bc0081701f2bf83f26cca3a1b172a0e2b9d64b1e42634c82cbe9b18,/tmp/test/install.txt offset 4096-4607
512,058cc1871c4e4f75f2ca57ea25899e3c,1be54b6baefeeac4b7acef3d97a677e259b086a91c5a5ee7621ca846eac72c94,/tmp/test/install.txt offset 4608-5119
512,522cd8d898ebefc1979af6f5c6cfe2f7,909e3a6871ddc986fff0d2d384093260fa53c67eeca2fd00753b20a186645263,/tmp/test/install.txt offset 5120-5631
512,aa7884c3ccd376610d2b098243c84de2,3fbbcdc396c4cfd9dfaed73f5f2a6511cd7d0a78a6a82c2fe627d8e38d14e6cb,/tmp/test/install.txt offset 5632-6143
512,356acb28ae70f041d24f88d63c4d1ee4,60b3c1130cb6a25d6b49165a12279e030f8384887bbbbbc8cb20f7f32f4d4e17,/tmp/test/install.txt offset 6144-6655
512,70864e0b431dc7e2f5f16729d083616c,f33ef596c0e3c97a45a297a2046ea18c4cf6b6c863ca36136de589e997b956da,/tmp/test/install.txt offset 6656-7167
512,d9c4e10f59384363db43603a78d75b42,d756c447065fd4e8ee512a6b86decf98acb5f6aa5578cc4ec7f343f879c05f62,/tmp/test/install.txt offset 7168-7679
512,55a2ff8185b2d31e39b1d2eb8e6252cf,02e41b2a2aa28c5ecf2113c3d90008d2a4fc4033ea6bb1dd5b83e906bbd24de7,/tmp/test/install.txt offset 7680-8191
512,90863a02be74f05dca1b1081f1e7cc1e,c1e7ba9c037ddf1403204ee97e333dab2b7b964a42fdc7d8ecb4ade3fc403807,/tmp/test/install.txt offset 8192-8703
512,a745bf547ed9613dc112ba1008d6d798,27f3a77a8e34ea6a6bbbab3a3396d61add398f9936ef6de1bfb7c9df1fe23fc0,/tmp/test/install.txt offset 8704-9215
20,26254ff5562de6f95e8bc43a792594e1,36873466e343d881f2a6cdc91da68e35c0aeb2a877c03b2ae4d140beee460787,/tmp/test/install.txt offset 9216-9235
1,c4ca4238a0b923820dcc509a6f75849b,6b86b273ff34fce19d6b804eff5a3f5747ada4eaa22f1d49c01e52ddb7875b4b,/tmp/test/one-byte-file offset 0-0
0,d41d8cd98f00b204e9800998ecf8427e,e3b0c44298fc1c149afbf4c8996fb92427ae41e4649b934ca495991b7852b855,/tmp/test/zero-byte-file offset 0-18446744073709551615
