     19124  555b3e940c86b35d6e0c9976a05b3aa5  /tmp/test/copying.txt
        12  deadbeefb303ba89ae055ad0234eb7e8  /tmp/test/deadbeef.txt
        44  d472f529689b334bc4896828854e84ed  /tmp/test/foo.txt
      9236  d7adbcf07c5c813693ddf958be9c40e3  /tmp/test/install.txt
         1  c4ca4238a0b923820dcc509a6f75849b  /tmp/test/one-byte-file
         0  d41d8cd98f00b204e9800998ecf8427e  /tmp/test/zero-byte-file
